<?php

namespace Tests\Dummies\Eloquent;

use DentalSleepSolutions\Eloquent\AbstractModel;

/**
 * @SWG\Definition(
 *     definition="FirstDummy",
 *     type="object",
 *     required={"id", "sum"},
 *     @SWG\Property(property="id", type="integer"),
 *     @SWG\Property(property="addDate", type="string", format="dateTime"),
 *     @SWG\Property(property="ipAddress", type="string"),
 *     @SWG\Property(property="sum", type="float"),
 *     @SWG\Property(property="admin", ref="#/definitions/Admin"),
 *     @SWG\Property(property="users", type="array", @SWG\Items(ref="#/definitions/UserCompany"))
 * )
 *
 * @property int $id
 * @property \Carbon\Carbon|null $addDate
 * @property string|null $ipAddress
 * @property float $sum
 * @property-read \DentalSleepSolutions\Eloquent\Admin $admin
 * @property-read \Illuminate\Database\Eloquent\Collection|\DentalSleepSolutions\Eloquent\Dental\UserCompany[] $users
 */
class FirstDummy extends AbstractModel
{

}
