<?php

namespace Tests\Dummies\Eloquent;

use DentalSleepSolutions\Eloquent\Models\AbstractModel;

/**
 * @DSS\Manual
 * @SWG\Definition(
 *     @SWG\Property(property="foo", type="integer"),
 * )
 */
class SecondDummy extends AbstractModel
{

}
