<?php

namespace Tests\Dummies\Http\Controllers;

use DentalSleepSolutions\Http\Controllers\BaseRestController;
use Illuminate\Http\JsonResponse;

class SecondDummiesController extends BaseRestController
{
    public function getModelNamespace()
    {
        return 'Tests\\Dummies\\Eloquent';
    }

    /**
     * @SWG\Get(
     *     path="/second",
     *     @SWG\Response(
     *         response="200",
     *         description="Resources retrieved",
     *         @SWG\Schema(
     *             allOf={
     *                 ref="#/definitions/common_response_fields",
     *                 @SWG\Property(
     *                     property="data",
     *                     type="array",
     *                     @SWG\Items(@SWG\Schema(ref="#/definitions/SecondDummy"))
     *                 )
     *             }
     *         )
     *     ),
     *     @SWG\Response(response="default", ref="#/responses/error_response")
     * )
     */
    public function index()
    {
        return parent::index();
    }

    /**
     * @DSS\Manual
     * @SWG\Parameter(foo)
     * @SWG\Response(bar)
     */
    public function store()
    {
        return parent::store();
    }

    /**
     * @SWG\Put(
     *     path="/second/{id}",
     *     @SWG\Parameter(ref="#/parameters/id_in_path"),
     *     @SWG\Parameter(name="fifth", in="formData", type="boolean"),
     *     @SWG\Parameter(name="sixth", in="formData", type="string", pattern="foo"),
     *     @SWG\Parameter(name="seventh", in="formData", type="string", pattern="[bar|baz]"),
     *     @SWG\Response(response="200", description="Resource updated", ref="#/responses/empty_ok_response"),
     *     @SWG\Response(response="404", ref="#/responses/404_response"),
     *     @SWG\Response(response="422", ref="#/responses/422_response"),
     *     @SWG\Response(response="default", ref="#/responses/error_response")
     * )
     *
     * @param int $id
     * @return JsonResponse
     */
    public function update($id)
    {
        return parent::update($id);
    }
}
